python : INFO: Could not find files for the given pattern(s).
At line:1 char:1
+ python test_paddle.py > test_output.txt 2>&1
+ ~~~~~~~~~~~~~~~~~~~~~~~~~~~~~~~~~~~~~~~~~~~~
    + CategoryInfo          : NotSpecified: (INFO: Could not...ven pattern(s).:String) [], Re 
   moteException
    + FullyQualifiedErrorId : NativeCommandError
 
C:\Python313\Lib\site-packages\paddle\utils\cpp_extension\extension_utils.py:718: 
UserWarning: No ccache found. Please be aware that recompiling all source files may be 
required. You can download and install ccache from: 
https://github.com/ccache/ccache/blob/master/doc/INSTALL.md
  warnings.warn(warning_message)
[32mCreating model: ('PP-LCNet_x1_0_doc_ori', None)[0m
[32mModel files already exist. Using cached files. To redownload, please delete the 
directory manually: `C:\Users\ASabi\.paddlex\official_models\PP-LCNet_x1_0_doc_ori`.[0m
WARNING: Logging before InitGoogleLogging() is written to STDERR
I1122 23:46:43.184185  4980 onednn_context.cc:81] oneDNN v3.6.2
[32mCreating model: ('UVDoc', None)[0m
[32mModel files already exist. Using cached files. To redownload, please delete the 
directory manually: `C:\Users\ASabi\.paddlex\official_models\UVDoc`.[0m
[32mCreating model: ('PP-OCRv5_server_det', None)[0m
[32mModel files already exist. Using cached files. To redownload, please delete the 
directory manually: `C:\Users\ASabi\.paddlex\official_models\PP-OCRv5_server_det`.[0m
[32mCreating model: ('en_PP-OCRv5_mobile_rec', None)[0m
[32mModel files already exist. Using cached files. To redownload, please delete the 
directory manually: `C:\Users\ASabi\.paddlex\official_models\en_PP-OCRv5_mobile_rec`.[0m
C:\sih-doc\test_paddle.py:14: DeprecationWarning: Please use `predict` instead.
  result = ocr.ocr(image)
Image shape: (1280, 963, 3)

Result type: <class 'list'>
Result length: 1
result[0] type: <class 'paddlex.inference.pipelines.ocr.result.OCRResult'>
result[0]: {'input_path': None, 'page_index': None, 'doc_preprocessor_res': {'input_path': None, 'page_index': None, 'input_img': array([[[166, ..., 191],
        ...,
        [139, ..., 182]],

       ...,

       [[163, ..., 184],
        ...,
        [191, ..., 209]]], shape=(1280, 963, 3), dtype=uint8), 'model_settings': {'use_doc_orientation_classify': True, 'use_doc_unwarping': True}, 'angle': 0, 'rot_img': array([[[166, ..., 191],
        ...,
        [139, ..., 182]],

       ...,

       [[163, ..., 184],
        ...,
        [191, ..., 209]]], shape=(1280, 963, 3), dtype=uint8), 'output_img': array([[[108, ..., 133],
        ...,
        [180, ..., 199]],

       ...,

       [[175, ..., 191],
        ...,
        [197, ..., 212]]], shape=(1280, 963, 3), dtype=uint8)}, 'dt_polys': [array([[ 0,  0],
       ...,
       [ 0, 26]], shape=(4, 2), dtype=int16), array([[155,  65],
       ...,
       [156, 103]], shape=(4, 2), dtype=int16), array([[  1, 118],
       ...,
       [  1, 161]], shape=(4, 2), dtype=int16), array([[ 34, 150],
       ...,
       [ 34, 191]], shape=(4, 2), dtype=int16), array([[ 36, 184],
       ...,
       [ 36, 218]], shape=(4, 2), dtype=int16), array([[ 37, 212],
       ...,
       [ 37, 246]], shape=(4, 2), dtype=int16), array([[ 36, 241],
       ...,
       [ 35, 272]], shape=(4, 2), dtype=int16), array([[  3, 296],
       ...,
       [  3, 334]], shape=(4, 2), dtype=int16), array([[ 35, 329],
       ...,
       [ 34, 360]], shape=(4, 2), dtype=int16), array([[  3, 383],
       ...,
       [  3, 421]], shape=(4, 2), dtype=int16), array([[ 34, 415],
       ...,
       [ 34, 449]], shape=(4, 2), dtype=int16), array([[ 36, 443],
       ...,
       [ 35, 480]], shape=(4, 2), dtype=int16), array([[ 34, 474],
       ...,
       [ 33, 506]], shape=(4, 2), dtype=int16), array([[  1, 530],
       ...,
       [  1, 557]], shape=(4, 2), dtype=int16), array([[ 30, 553],
       ...,
       [ 29, 587]], shape=(4, 2), dtype=int16), array([[ 33, 587],
       ...,
       [ 32, 614]], shape=(4, 2), dtype=int16), array([[ 31, 611],
       ...,
       [ 30, 641]], shape=(4, 2), dtype=int16), array([[ 34, 640],
       ...,
       [ 33, 670]], shape=(4, 2), dtype=int16), array([[  0, 696],
       ...,
       [  0, 724]], shape=(4, 2), dtype=int16), array([[ 30, 725],
       ...,
       [ 29, 753]], shape=(4, 2), dtype=int16), array([[ 27, 754],
       ...,
       [ 26, 784]], shape=(4, 2), dtype=int16), array([[  0, 810],
       ...,
       [  0, 840]], shape=(4, 2), dtype=int16), array([[ 24, 839],
       ...,
       [ 23, 870]], shape=(4, 2), dtype=int16), array([[ 20, 867],
       ...,
       [ 19, 898]], shape=(4, 2), dtype=int16), array([[ 20, 896],
       ...,
       [ 19, 923]], shape=(4, 2), dtype=int16), array([[ 17, 944],
       ...,
       [ 16, 975]], shape=(4, 2), dtype=int16), array([[  17,  996],
       ...,
       [  16, 1023]], shape=(4, 2), dtype=int16), array([[  15, 1044],
       ...,
       [  14, 1071]], shape=(4, 2), dtype=int16), array([[  16, 1096],
       ...,
       [  15, 1121]], shape=(4, 2), dtype=int16), array([[   8, 1134],
       ...,
       [   6, 1174]], shape=(4, 2), dtype=int16), array([[   7, 1164],
       ...,
       [   6, 1201]], shape=(4, 2), dtype=int16)], 'model_settings': {'use_doc_preprocessor': True, 'use_textline_orientation': False}, 'text_det_params': {'limit_side_len': 64, 'limit_type': 'min', 'thresh': 0.3, 'max_side_limit': 4000, 'box_thresh': 0.6, 'unclip_ratio': 1.5}, 'text_type': 'general', 'text_rec_score_thresh': 0.0, 'return_word_box': False, 'rec_texts': ['ference Number 12267042', 'ANTIRAGGING UNDERTAKING BY THE STUDENT', '1.I, ABINISHA A S s/o - d/o Mr./Mrs./Ms ANNADURAI K, having been admitted to Bannari', 'Amman Institute of Technology, have received a copy of the UGC regulations on Curbing', 'menace of Ragging in Higher Educational Institutions, 2009, (hereinafter called the', '"Regulations") carefully read and fully understood the provisions contained in the said', 'Regulations.', 'I have, in particular, perused clause 3 of the Regulations and am aware as to what constitute', 'ragging.', 'I have also, in particular, perused clause 7 and clause 9.1 of the Regulation and am fully awar', 'of the penal and administrative action that is liable to be taken against me in case I am found', 'guilty of or abetting ragging, actively or passively, or being part of a conspiracy to promote', 'ragging.', '4. I hereby solemnly aver and undertake that:-', 'I will not indulge in any behavior or act that may be constituted as ragging under clause 3 of', 'the Regulations.', 'I will not participate in or abet or propagate through any act of commission or omission that', 'may be constituted as ragging under ciause 3 of the Regulations.', '5. I hereby affirm that, if found guilty of ragging, I am liable for punishment according to clause', '9.1 of the Regulations, without prejudice to any other criminal action that may be taken', 'against me under any penal law or any law for the time being in force.', '.I hereby declare that I have not been expelled or debarred from admission in any institution in', 'the country on account of being found guilty of, abetting or being part of a conspiracy to', 'promote, ragging; and further affirm that, in case the declaration is found to be untrue, I am', 'aware that my admission is liable to be cancelled.', 'DECLARED ON24.08.25', 'Signature of Deponent', 'ABINISHA A S', 'VERIFICATION', 'V that he cntn  this affavi etr  he be my owlee  ', 'the affidavit is false and nothing has been concealed or misstated therein.'], 'rec_scores': [0.9797958135604858, 0.9996873140335083, 0.9621913433074951, 0.9071917533874512, 0.9885496497154236, 0.9817391037940979, 0.9940051436424255, 0.9800445437431335, 0.9994624853134155, 0.9700108766555786, 0.9707026481628418, 0.9661598205566406, 0.9997221827507019, 0.9754742383956909, 0.9844950437545776, 0.9979023337364197, 0.9765594601631165, 0.9767272472381592, 0.9863008260726929, 0.9765092730522156, 0.9958462119102478, 0.9797051548957825, 0.9754935503005981, 0.9832712411880493, 0.9938499927520752, 0.9860154390335083, 0.9979064464569092, 0.9728104472160339, 0.999761164188385, 0.6280159950256348, 0.9872612357139587], 'rec_polys': [array([[ 0,  0],
       ...,
       [ 0, 26]], shape=(4, 2), dtype=int16), array([[155,  65],
       ...,
       [156, 103]], shape=(4, 2), dtype=int16), array([[  1, 118],
       ...,
       [  1, 161]], shape=(4, 2), dtype=int16), array([[ 34, 150],
       ...,
       [ 34, 191]], shape=(4, 2), dtype=int16), array([[ 36, 184],
       ...,
       [ 36, 218]], shape=(4, 2), dtype=int16), array([[ 37, 212],
       ...,
       [ 37, 246]], shape=(4, 2), dtype=int16), array([[ 36, 241],
       ...,
       [ 35, 272]], shape=(4, 2), dtype=int16), array([[  3, 296],
       ...,
       [  3, 334]], shape=(4, 2), dtype=int16), array([[ 35, 329],
       ...,
       [ 34, 360]], shape=(4, 2), dtype=int16), array([[  3, 383],
       ...,
       [  3, 421]], shape=(4, 2), dtype=int16), array([[ 34, 415],
       ...,
       [ 34, 449]], shape=(4, 2), dtype=int16), array([[ 36, 443],
       ...,
       [ 35, 480]], shape=(4, 2), dtype=int16), array([[ 34, 474],
       ...,
       [ 33, 506]], shape=(4, 2), dtype=int16), array([[  1, 530],
       ...,
       [  1, 557]], shape=(4, 2), dtype=int16), array([[ 30, 553],
       ...,
       [ 29, 587]], shape=(4, 2), dtype=int16), array([[ 33, 587],
       ...,
       [ 32, 614]], shape=(4, 2), dtype=int16), array([[ 31, 611],
       ...,
       [ 30, 641]], shape=(4, 2), dtype=int16), array([[ 34, 640],
       ...,
       [ 33, 670]], shape=(4, 2), dtype=int16), array([[  0, 696],
       ...,
       [  0, 724]], shape=(4, 2), dtype=int16), array([[ 30, 725],
       ...,
       [ 29, 753]], shape=(4, 2), dtype=int16), array([[ 27, 754],
       ...,
       [ 26, 784]], shape=(4, 2), dtype=int16), array([[  0, 810],
       ...,
       [  0, 840]], shape=(4, 2), dtype=int16), array([[ 24, 839],
       ...,
       [ 23, 870]], shape=(4, 2), dtype=int16), array([[ 20, 867],
       ...,
       [ 19, 898]], shape=(4, 2), dtype=int16), array([[ 20, 896],
       ...,
       [ 19, 923]], shape=(4, 2), dtype=int16), array([[ 17, 944],
       ...,
       [ 16, 975]], shape=(4, 2), dtype=int16), array([[  17,  996],
       ...,
       [  16, 1023]], shape=(4, 2), dtype=int16), array([[  15, 1044],
       ...,
       [  14, 1071]], shape=(4, 2), dtype=int16), array([[  16, 1096],
       ...,
       [  15, 1121]], shape=(4, 2), dtype=int16), array([[   8, 1134],
       ...,
       [   6, 1174]], shape=(4, 2), dtype=int16), array([[   7, 1164],
       ...,
       [   6, 1201]], shape=(4, 2), dtype=int16)], 'vis_fonts': [<paddlex.utils.fonts.Font object at 0x0000019BEEC1A990>, <paddlex.utils.fonts.Font object at 0x0000019BEEC1A990>, <paddlex.utils.fonts.Font object at 0x0000019BEEC1A990>, <paddlex.utils.fonts.Font object at 0x0000019BEEC1A990>, <paddlex.utils.fonts.Font object at 0x0000019BEEC1A990>, <paddlex.utils.fonts.Font object at 0x0000019BEEC1A990>, <paddlex.utils.fonts.Font object at 0x0000019BEEC1A990>, <paddlex.utils.fonts.Font object at 0x0000019BEEC1A990>, <paddlex.utils.fonts.Font object at 0x0000019BEEC1A990>, <paddlex.utils.fonts.Font object at 0x0000019BEEC1A990>, <paddlex.utils.fonts.Font object at 0x0000019BEEC1A990>, <paddlex.utils.fonts.Font object at 0x0000019BEEC1A990>, <paddlex.utils.fonts.Font object at 0x0000019BEEC1A990>, <paddlex.utils.fonts.Font object at 0x0000019BEEC1A990>, <paddlex.utils.fonts.Font object at 0x0000019BEEC1A990>, <paddlex.utils.fonts.Font object at 0x0000019BEEC1A990>, <paddlex.utils.fonts.Font object at 0x0000019BEEC1A990>, <paddlex.utils.fonts.Font object at 0x0000019BEEC1A990>, <paddlex.utils.fonts.Font object at 0x0000019BEEC1A990>, <paddlex.utils.fonts.Font object at 0x0000019BEEC1A990>, <paddlex.utils.fonts.Font object at 0x0000019BEEC1A990>, <paddlex.utils.fonts.Font object at 0x0000019BEEC1A990>, <paddlex.utils.fonts.Font object at 0x0000019BEEC1A990>, <paddlex.utils.fonts.Font object at 0x0000019BEEC1A990>, <paddlex.utils.fonts.Font object at 0x0000019BEEC1A990>, <paddlex.utils.fonts.Font object at 0x0000019BEEC1A990>, <paddlex.utils.fonts.Font object at 0x0000019BEEC1A990>, <paddlex.utils.fonts.Font object at 0x0000019BEEC1A990>, <paddlex.utils.fonts.Font object at 0x0000019BEEC1A990>, <paddlex.utils.fonts.Font object at 0x0000019BEEC1A990>, <paddlex.utils.fonts.Font object at 0x0000019BEEC1A990>], 'textline_orientation_angles': [-1, -1, -1, -1, -1, -1, -1, -1, -1, -1, -1, -1, -1, -1, -1, -1, -1, -1, -1, -1, -1, -1, -1, -1, -1, -1, -1, -1, -1, -1, -1], 'rec_boxes': array([[   0, ...,   36],
       ...,
       [   6, ..., 1230]], shape=(31, 4), dtype=int16)}

Number of text lines detected: 15

Line 0:
  Structure: input_path
  Type: <class 'str'>
  Bbox: i
  Text info: n

Line 1:
  Structure: page_index
  Type: <class 'str'>
  Bbox: p
  Text info: a

Line 2:
  Structure: doc_preprocessor_res
  Type: <class 'str'>
  Bbox: d
  Text info: o

Line 3:
  Structure: dt_polys
  Type: <class 'str'>
  Bbox: d
  Text info: t

Line 4:
  Structure: model_settings
  Type: <class 'str'>
  Bbox: m
  Text info: o

Line 5:
  Structure: text_det_params
  Type: <class 'str'>
  Bbox: t
  Text info: e

Line 6:
  Structure: text_type
  Type: <class 'str'>
  Bbox: t
  Text info: e

Line 7:
  Structure: text_rec_score_thresh
  Type: <class 'str'>
  Bbox: t
  Text info: e

Line 8:
  Structure: return_word_box
  Type: <class 'str'>
  Bbox: r
  Text info: e

Line 9:
  Structure: rec_texts
  Type: <class 'str'>
  Bbox: r
  Text info: e

Line 10:
  Structure: rec_scores
  Type: <class 'str'>
  Bbox: r
  Text info: e

Line 11:
  Structure: rec_polys
  Type: <class 'str'>
  Bbox: r
  Text info: e

Line 12:
  Structure: vis_fonts
  Type: <class 'str'>
  Bbox: v
  Text info: i

Line 13:
  Structure: textline_orientation_angles
  Type: <class 'str'>
  Bbox: t
  Text info: e

Line 14:
  Structure: rec_boxes
  Type: <class 'str'>
  Bbox: r
  Text info: e
